#-----------------------------------------------------------
# Vivado v2015.2 (64-bit)
# SW Build 1266856 on Fri Jun 26 16:35:25 MDT 2015
# IP Build 1264090 on Wed Jun 24 14:22:01 MDT 2015
# Start of session at: Sat Jul 09 17:19:16 2016
# Process ID: 2176
# Log file: F:/Users/mipsfpga_test2/vivado.log
# Journal file: F:/Users/mipsfpga_test2\vivado.jou
#-----------------------------------------------------------
start_gui
open_project F:/Users/mipsfpga_test2/mipsfpga_test2.xpr
open_hw
connect_hw_server
open_hw_target [lindex [get_hw_targets -of_objects [get_hw_servers localhost]] 0]
set_property PROGRAM.FILE {F:/Users/mipsfpga_test2/mipsfpga_test2.runs/impl_1/mipsfpga_test2_wrapper.bit} [lindex [get_hw_devices] 0]
current_hw_device [lindex [get_hw_devices] 0]
refresh_hw_device -update_hw_probes false [lindex [get_hw_devices] 0]
set_property PROBES.FILE {} [lindex [get_hw_devices] 0]
set_property PROGRAM.FILE {F:/Users/mipsfpga_test2/mipsfpga_test2.runs/impl_1/mipsfpga_test2_wrapper.bit} [lindex [get_hw_devices] 0]
program_hw_devices [lindex [get_hw_devices] 0]
refresh_hw_device [lindex [get_hw_devices] 0]
set_property PROBES.FILE {} [lindex [get_hw_devices] 0]
set_property PROGRAM.FILE {F:/Users/mipsfpga_test2/mipsfpga_test2.runs/impl_1/mipsfpga_test2_wrapper.bit} [lindex [get_hw_devices] 0]
program_hw_devices [lindex [get_hw_devices] 0]
refresh_hw_device [lindex [get_hw_devices] 0]
close_hw_target
